<?xml version="1.0" encoding="utf-8"?><testsuites><testsuite name="pytest" errors="0" failures="0" skipped="0" tests="13" time="0.072" timestamp="2025-04-15T17:18:26.643025+03:00" hostname="MacBook-Air-10.local"><testcase classname="tests.test_config" name="test_valid_config" time="0.005" /><testcase classname="tests.test_config" name="test_missing_general_section" time="0.001" /><testcase classname="tests.test_config" name="test_missing_watchdog_section" time="0.002" /><testcase classname="tests.test_config" name="test_missing_parameter" time="0.002" /><testcase classname="tests.test_config" name="test_invalid_scan_memory_limit" time="0.001" /><testcase classname="tests.test_config" name="test_invalid_package_type" time="0.001" /><testcase classname="tests.test_config" name="test_invalid_uuid" time="0.001" /><testcase classname="tests.test_config" name="test_invalid_locale" time="0.001" /><testcase classname="tests.test_config" name="test_invalid_timeout" time="0.001" /><testcase classname="tests.test_config" name="test_invalid_memory" time="0.001" /><testcase classname="tests.test_config" name="test_extra_parameter" time="0.001" /><testcase classname="tests.test_config" name="test_empty_config" time="0.001" /><testcase classname="tests.test_config" name="test_config_path_from_env" time="0.002" /></testsuite></testsuites>